train: 6000 situations
  200/6000 (262 ms each)
  400/6000 (254 ms each)
  600/6000 (265 ms each)
  800/6000 (289 ms each)
  1000/6000 (283 ms each)
  1200/6000 (278 ms each)
  1400/6000 (275 ms each)
  1600/6000 (275 ms each)
  1800/6000 (274 ms each)
  2000/6000 (273 ms each)
  2200/6000 (272 ms each)
  2400/6000 (272 ms each)
  2600/6000 (272 ms each)
  2800/6000 (270 ms each)
  3000/6000 (287 ms each)
  3200/6000 (286 ms each)
  3400/6000 (284 ms each)
  3600/6000 (284 ms each)
  3800/6000 (283 ms each)
  4000/6000 (282 ms each)
  4200/6000 (281 ms each)
  4400/6000 (280 ms each)
  4600/6000 (280 ms each)
  4800/6000 (278 ms each)
  5000/6000 (277 ms each)
  5200/6000 (275 ms each)
  5400/6000 (274 ms each)
  5600/6000 (273 ms each)
  5800/6000 (272 ms each)
test_bench: 27 situations
test_real: 9 situations
head: validation accuracy 0.917 (grouped hold-out of train)
