{
  "model": "0.8b",
  "train_situations": 6000,
  "val_acc": 0.9166666666666666,
  "train": {
    "zero_shot": [
      0.37166666666666665,
      2230,
      6000
    ],
    "trained_head": [
      0.9788333333333333,
      5873,
      6000
    ],
    "head_misses": []
  },
  "test_bench": {
    "zero_shot": [
      0.5185185185185185,
      14,
      27
    ],
    "trained_head": [
      1.0,
      27,
      27
    ],
    "head_misses": []
  },
  "test_real": {
    "zero_shot": [
      0.4444444444444444,
      4,
      9
    ],
    "trained_head": [
      1.0,
      9,
      9
    ],
    "head_misses": []
  }
}
